// Vitest Snapshot v1, https://vitest.dev/guide/snapshot.html

exports[`enemyStats > 敌人曲线快照（1~5 章基准数值） 1`] = `
[
  {
    "atk": 95,
    "chapter": 1,
    "def": 12,
    "hp": 620,
  },
  {
    "atk": 127,
    "chapter": 2,
    "def": 15,
    "hp": 868,
  },
  {
    "atk": 170,
    "chapter": 3,
    "def": 19,
    "hp": 1215,
  },
  {
    "atk": 228,
    "chapter": 4,
    "def": 25,
    "hp": 1701,
  },
  {
    "atk": 306,
    "chapter": 5,
    "def": 32,
    "hp": 2381,
  },
]
`;

exports[`petAtk > 成长曲线快照（全宠物 Lv1/10/30/50 攻击一览） 1`] = `
[
  {
    "id": "pet_metal_003",
    "lv1": 40,
    "lv10": 63,
    "lv30": 178,
    "lv50max": 1889,
  },
  {
    "id": "pet_metal_004",
    "lv1": 92,
    "lv10": 158,
    "lv30": 516,
    "lv50max": 6619,
  },
  {
    "id": "pet_wood_003",
    "lv1": 53,
    "lv10": 90,
    "lv30": 295,
    "lv50max": 3782,
  },
  {
    "id": "pet_wood_004",
    "lv1": 40,
    "lv10": 63,
    "lv30": 167,
    "lv50max": 1649,
  },
  {
    "id": "pet_water_003",
    "lv1": 40,
    "lv10": 63,
    "lv30": 178,
    "lv50max": 1889,
  },
  {
    "id": "pet_water_004",
    "lv1": 92,
    "lv10": 158,
    "lv30": 516,
    "lv50max": 6619,
  },
  {
    "id": "pet_fire_003",
    "lv1": 53,
    "lv10": 90,
    "lv30": 295,
    "lv50max": 3782,
  },
  {
    "id": "pet_fire_004",
    "lv1": 92,
    "lv10": 158,
    "lv30": 516,
    "lv50max": 6619,
  },
  {
    "id": "pet_earth_003",
    "lv1": 37,
    "lv10": 57,
    "lv30": 152,
    "lv50max": 1495,
  },
  {
    "id": "pet_earth_004",
    "lv1": 49,
    "lv10": 76,
    "lv30": 202,
    "lv50max": 1993,
  },
  {
    "id": "cr_golden_crane",
    "lv1": 76,
    "lv10": 130,
    "lv30": 427,
    "lv50max": 5484,
  },
  {
    "id": "cr_tide_manta",
    "lv1": 48,
    "lv10": 76,
    "lv30": 214,
    "lv50max": 2267,
  },
  {
    "id": "cr_thunder_cicada",
    "lv1": 92,
    "lv10": 158,
    "lv30": 516,
    "lv50max": 6619,
  },
  {
    "id": "cr_shadow_roc",
    "lv1": 70,
    "lv10": 111,
    "lv30": 312,
    "lv50max": 3306,
  },
  {
    "id": "cr_jadehorn_goat",
    "lv1": 34,
    "lv10": 52,
    "lv30": 139,
    "lv50max": 1374,
  },
  {
    "id": "cr_kunlun_dragon",
    "lv1": 76,
    "lv10": 130,
    "lv30": 427,
    "lv50max": 5484,
  },
  {
    "id": "cr_star_deer",
    "lv1": 63,
    "lv10": 108,
    "lv30": 354,
    "lv50max": 4539,
  },
  {
    "id": "cr_chaos_fox",
    "lv1": 59,
    "lv10": 92,
    "lv30": 244,
    "lv50max": 2405,
  },
  {
    "id": "cr_cloud_fox",
    "lv1": 37,
    "lv10": 57,
    "lv30": 152,
    "lv50max": 1495,
  },
  {
    "id": "cr_abyss_jellyfish",
    "lv1": 58,
    "lv10": 92,
    "lv30": 259,
    "lv50max": 2739,
  },
  {
    "id": "cr_frost_seal",
    "lv1": 48,
    "lv10": 76,
    "lv30": 214,
    "lv50max": 2267,
  },
  {
    "id": "cr_guixu_whale",
    "lv1": 92,
    "lv10": 158,
    "lv30": 516,
    "lv50max": 6619,
  },
  {
    "id": "cr_void_eye",
    "lv1": 92,
    "lv10": 158,
    "lv30": 516,
    "lv50max": 6619,
  },
  {
    "id": "cr_red_crow",
    "lv1": 53,
    "lv10": 90,
    "lv30": 295,
    "lv50max": 3782,
  },
  {
    "id": "cr_zhulong",
    "lv1": 58,
    "lv10": 92,
    "lv30": 259,
    "lv50max": 2739,
  },
  {
    "id": "cr_outer_demon",
    "lv1": 92,
    "lv10": 158,
    "lv30": 516,
    "lv50max": 6619,
  },
  {
    "id": "cr_stone_ape",
    "lv1": 37,
    "lv10": 57,
    "lv30": 152,
    "lv50max": 1495,
  },
  {
    "id": "cr_guixu_turtle",
    "lv1": 53,
    "lv10": 83,
    "lv30": 220,
    "lv50max": 2169,
  },
  {
    "id": "cr_star_gear",
    "lv1": 58,
    "lv10": 92,
    "lv30": 259,
    "lv50max": 2739,
  },
  {
    "id": "cr_rift_beetle",
    "lv1": 64,
    "lv10": 100,
    "lv30": 266,
    "lv50max": 2617,
  },
]
`;

exports[`petHp / petRcv（三维模型） > 三维快照（全宠物 Lv1 三围一览） 1`] = `
[
  {
    "atk": 40,
    "hp": 210,
    "id": "pet_metal_003",
    "rcv": 25,
    "role": "support",
    "skill": "pet_metal_def_break",
  },
  {
    "atk": 92,
    "hp": 323,
    "id": "pet_metal_004",
    "rcv": 19,
    "role": "attacker",
    "skill": "pet_metal_multi_hit",
  },
  {
    "atk": 53,
    "hp": 185,
    "id": "pet_wood_003",
    "rcv": 11,
    "role": "attacker",
    "skill": "pet_wood_multi_hit",
  },
  {
    "atk": 40,
    "hp": 228,
    "id": "pet_wood_004",
    "rcv": 54,
    "role": "healer",
    "skill": "pet_wood_big_heal",
  },
  {
    "atk": 40,
    "hp": 210,
    "id": "pet_water_003",
    "rcv": 25,
    "role": "support",
    "skill": "pet_water_stun",
  },
  {
    "atk": 92,
    "hp": 323,
    "id": "pet_water_004",
    "rcv": 19,
    "role": "attacker",
    "skill": "pet_water_multi_hit",
  },
  {
    "atk": 53,
    "hp": 185,
    "id": "pet_fire_003",
    "rcv": 11,
    "role": "attacker",
    "skill": "pet_fire_dot",
  },
  {
    "atk": 92,
    "hp": 323,
    "id": "pet_fire_004",
    "rcv": 19,
    "role": "attacker",
    "skill": "pet_fire_dot_ur",
  },
  {
    "atk": 37,
    "hp": 290,
    "id": "pet_earth_003",
    "rcv": 19,
    "role": "tank",
    "skill": "pet_earth_convert_row",
  },
  {
    "atk": 49,
    "hp": 275,
    "id": "pet_earth_004",
    "rcv": 65,
    "role": "healer",
    "skill": "pet_earth_heal",
  },
  {
    "atk": 76,
    "hp": 268,
    "id": "cr_golden_crane",
    "rcv": 15,
    "role": "attacker",
    "skill": "pet_metal_slash",
  },
  {
    "atk": 48,
    "hp": 252,
    "id": "cr_tide_manta",
    "rcv": 30,
    "role": "support",
    "skill": "pet_transmute_metal",
  },
  {
    "atk": 92,
    "hp": 323,
    "id": "cr_thunder_cicada",
    "rcv": 19,
    "role": "attacker",
    "skill": "pet_metal_multi_hit",
  },
  {
    "atk": 70,
    "hp": 367,
    "id": "cr_shadow_roc",
    "rcv": 43,
    "role": "support",
    "skill": "pet_metal_def_break",
  },
  {
    "atk": 34,
    "hp": 190,
    "id": "cr_jadehorn_goat",
    "rcv": 45,
    "role": "healer",
    "skill": "pet_wood_heal",
  },
  {
    "atk": 76,
    "hp": 268,
    "id": "cr_kunlun_dragon",
    "rcv": 15,
    "role": "attacker",
    "skill": "pet_wood_volley",
  },
  {
    "atk": 63,
    "hp": 222,
    "id": "cr_star_deer",
    "rcv": 13,
    "role": "attacker",
    "skill": "pet_wood_multi_hit",
  },
  {
    "atk": 59,
    "hp": 332,
    "id": "cr_chaos_fox",
    "rcv": 78,
    "role": "healer",
    "skill": "pet_wood_big_heal",
  },
  {
    "atk": 37,
    "hp": 290,
    "id": "cr_cloud_fox",
    "rcv": 19,
    "role": "tank",
    "skill": "pet_water_shield",
  },
  {
    "atk": 58,
    "hp": 304,
    "id": "cr_abyss_jellyfish",
    "rcv": 36,
    "role": "support",
    "skill": "pet_water_stun",
  },
  {
    "atk": 48,
    "hp": 252,
    "id": "cr_frost_seal",
    "rcv": 30,
    "role": "support",
    "skill": "pet_water_shield",
  },
  {
    "atk": 92,
    "hp": 323,
    "id": "cr_guixu_whale",
    "rcv": 19,
    "role": "attacker",
    "skill": "pet_water_pierce",
  },
  {
    "atk": 92,
    "hp": 323,
    "id": "cr_void_eye",
    "rcv": 19,
    "role": "attacker",
    "skill": "pet_water_multi_hit",
  },
  {
    "atk": 53,
    "hp": 185,
    "id": "cr_red_crow",
    "rcv": 11,
    "role": "attacker",
    "skill": "pet_fire_burst",
  },
  {
    "atk": 58,
    "hp": 304,
    "id": "cr_zhulong",
    "rcv": 36,
    "role": "support",
    "skill": "pet_fire_boost",
  },
  {
    "atk": 92,
    "hp": 323,
    "id": "cr_outer_demon",
    "rcv": 19,
    "role": "attacker",
    "skill": "pet_fire_dot_ur",
  },
  {
    "atk": 37,
    "hp": 290,
    "id": "cr_stone_ape",
    "rcv": 19,
    "role": "tank",
    "skill": "pet_earth_shield",
  },
  {
    "atk": 53,
    "hp": 420,
    "id": "cr_guixu_turtle",
    "rcv": 27,
    "role": "tank",
    "skill": "pet_earth_shield",
  },
  {
    "atk": 58,
    "hp": 304,
    "id": "cr_star_gear",
    "rcv": 36,
    "role": "support",
    "skill": "pet_earth_heart_convert",
  },
  {
    "atk": 64,
    "hp": 507,
    "id": "cr_rift_beetle",
    "rcv": 33,
    "role": "tank",
    "skill": "pet_earth_convert_row",
  },
]
`;
