// Vitest Snapshot v1, https://vitest.dev/guide/snapshot.html

exports[`enemyStats > 敌人曲线快照（1~5 章基准数值） 1`] = `
[
  {
    "atk": 95,
    "chapter": 1,
    "def": 12,
    "hp": 620,
  },
  {
    "atk": 128,
    "chapter": 2,
    "def": 15,
    "hp": 899,
  },
  {
    "atk": 173,
    "chapter": 3,
    "def": 20,
    "hp": 1303,
  },
  {
    "atk": 233,
    "chapter": 4,
    "def": 26,
    "hp": 1890,
  },
  {
    "atk": 315,
    "chapter": 5,
    "def": 34,
    "hp": 2740,
  },
]
`;

exports[`petAtk > 成长曲线快照（全宠物 Lv1/10/30/50 攻击一览） 1`] = `
[
  {
    "id": "pet_metal_001",
    "lv1": 53,
    "lv10": 90,
    "lv30": 295,
    "lv50max": 2700,
  },
  {
    "id": "pet_metal_002",
    "lv1": 40,
    "lv10": 63,
    "lv30": 178,
    "lv50max": 1406,
  },
  {
    "id": "pet_wood_001",
    "lv1": 34,
    "lv10": 52,
    "lv30": 139,
    "lv50max": 1039,
  },
  {
    "id": "pet_wood_002",
    "lv1": 53,
    "lv10": 90,
    "lv30": 295,
    "lv50max": 2700,
  },
  {
    "id": "pet_water_001",
    "lv1": 37,
    "lv10": 57,
    "lv30": 152,
    "lv50max": 1131,
  },
  {
    "id": "pet_water_002",
    "lv1": 53,
    "lv10": 90,
    "lv30": 295,
    "lv50max": 2700,
  },
  {
    "id": "pet_fire_001",
    "lv1": 53,
    "lv10": 90,
    "lv30": 295,
    "lv50max": 2700,
  },
  {
    "id": "pet_fire_002",
    "lv1": 40,
    "lv10": 63,
    "lv30": 178,
    "lv50max": 1406,
  },
  {
    "id": "pet_earth_001",
    "lv1": 37,
    "lv10": 57,
    "lv30": 152,
    "lv50max": 1131,
  },
  {
    "id": "pet_earth_002",
    "lv1": 40,
    "lv10": 63,
    "lv30": 178,
    "lv50max": 1406,
  },
]
`;

exports[`petHp / petRcv（三维模型） > 三维快照（全宠物 Lv1 三围一览） 1`] = `
[
  {
    "atk": 53,
    "hp": 185,
    "id": "pet_metal_001",
    "rcv": 11,
    "role": "attacker",
    "skill": "pet_metal_slash",
  },
  {
    "atk": 40,
    "hp": 210,
    "id": "pet_metal_002",
    "rcv": 25,
    "role": "support",
    "skill": "pet_transmute_metal",
  },
  {
    "atk": 34,
    "hp": 190,
    "id": "pet_wood_001",
    "rcv": 45,
    "role": "healer",
    "skill": "pet_wood_heal",
  },
  {
    "atk": 53,
    "hp": 185,
    "id": "pet_wood_002",
    "rcv": 11,
    "role": "attacker",
    "skill": "pet_wood_volley",
  },
  {
    "atk": 37,
    "hp": 290,
    "id": "pet_water_001",
    "rcv": 19,
    "role": "tank",
    "skill": "pet_water_shield",
  },
  {
    "atk": 53,
    "hp": 185,
    "id": "pet_water_002",
    "rcv": 11,
    "role": "attacker",
    "skill": "pet_water_pierce",
  },
  {
    "atk": 53,
    "hp": 185,
    "id": "pet_fire_001",
    "rcv": 11,
    "role": "attacker",
    "skill": "pet_fire_burst",
  },
  {
    "atk": 40,
    "hp": 210,
    "id": "pet_fire_002",
    "rcv": 25,
    "role": "support",
    "skill": "pet_fire_boost",
  },
  {
    "atk": 37,
    "hp": 290,
    "id": "pet_earth_001",
    "rcv": 19,
    "role": "tank",
    "skill": "pet_earth_shield",
  },
  {
    "atk": 40,
    "hp": 210,
    "id": "pet_earth_002",
    "rcv": 25,
    "role": "support",
    "skill": "pet_earth_heart_convert",
  },
]
`;
