// Vitest Snapshot v1, https://vitest.dev/guide/snapshot.html

exports[`enemyStats > 敌人曲线快照（1~5 章基准数值） 1`] = `
[
  {
    "atk": 155,
    "chapter": 1,
    "def": 12,
    "hp": 620,
  },
  {
    "atk": 213,
    "chapter": 2,
    "def": 15,
    "hp": 868,
  },
  {
    "atk": 295,
    "chapter": 3,
    "def": 19,
    "hp": 1215,
  },
  {
    "atk": 407,
    "chapter": 4,
    "def": 25,
    "hp": 1701,
  },
  {
    "atk": 562,
    "chapter": 5,
    "def": 32,
    "hp": 2381,
  },
]
`;

exports[`petAtk > 成长曲线快照（全宠物 Lv1/10/30/50 攻击一览） 1`] = `
[
  {
    "id": "pet_001",
    "lv1": 40,
    "lv10": 63,
    "lv30": 178,
    "lv50max": 1889,
  },
  {
    "id": "pet_002",
    "lv1": 92,
    "lv10": 158,
    "lv30": 516,
    "lv50max": 6619,
  },
  {
    "id": "pet_003",
    "lv1": 53,
    "lv10": 90,
    "lv30": 295,
    "lv50max": 3782,
  },
  {
    "id": "pet_004",
    "lv1": 40,
    "lv10": 63,
    "lv30": 167,
    "lv50max": 1649,
  },
  {
    "id": "pet_005",
    "lv1": 40,
    "lv10": 63,
    "lv30": 178,
    "lv50max": 1889,
  },
  {
    "id": "pet_006",
    "lv1": 92,
    "lv10": 158,
    "lv30": 516,
    "lv50max": 6619,
  },
  {
    "id": "pet_007",
    "lv1": 53,
    "lv10": 90,
    "lv30": 295,
    "lv50max": 3782,
  },
  {
    "id": "pet_008",
    "lv1": 92,
    "lv10": 158,
    "lv30": 516,
    "lv50max": 6619,
  },
  {
    "id": "pet_009",
    "lv1": 37,
    "lv10": 57,
    "lv30": 152,
    "lv50max": 1495,
  },
  {
    "id": "pet_010",
    "lv1": 49,
    "lv10": 76,
    "lv30": 202,
    "lv50max": 1993,
  },
  {
    "id": "pet_011",
    "lv1": 76,
    "lv10": 130,
    "lv30": 427,
    "lv50max": 5484,
  },
  {
    "id": "pet_012",
    "lv1": 48,
    "lv10": 76,
    "lv30": 214,
    "lv50max": 2267,
  },
  {
    "id": "pet_013",
    "lv1": 92,
    "lv10": 158,
    "lv30": 516,
    "lv50max": 6619,
  },
  {
    "id": "pet_014",
    "lv1": 70,
    "lv10": 111,
    "lv30": 312,
    "lv50max": 3306,
  },
  {
    "id": "pet_015",
    "lv1": 34,
    "lv10": 52,
    "lv30": 139,
    "lv50max": 1374,
  },
  {
    "id": "pet_016",
    "lv1": 76,
    "lv10": 130,
    "lv30": 427,
    "lv50max": 5484,
  },
  {
    "id": "pet_017",
    "lv1": 63,
    "lv10": 108,
    "lv30": 354,
    "lv50max": 4539,
  },
  {
    "id": "pet_018",
    "lv1": 59,
    "lv10": 92,
    "lv30": 244,
    "lv50max": 2405,
  },
  {
    "id": "pet_019",
    "lv1": 37,
    "lv10": 57,
    "lv30": 152,
    "lv50max": 1495,
  },
  {
    "id": "pet_020",
    "lv1": 58,
    "lv10": 92,
    "lv30": 259,
    "lv50max": 2739,
  },
  {
    "id": "pet_021",
    "lv1": 48,
    "lv10": 76,
    "lv30": 214,
    "lv50max": 2267,
  },
  {
    "id": "pet_022",
    "lv1": 92,
    "lv10": 158,
    "lv30": 516,
    "lv50max": 6619,
  },
  {
    "id": "pet_023",
    "lv1": 92,
    "lv10": 158,
    "lv30": 516,
    "lv50max": 6619,
  },
  {
    "id": "pet_024",
    "lv1": 53,
    "lv10": 90,
    "lv30": 295,
    "lv50max": 3782,
  },
  {
    "id": "pet_025",
    "lv1": 58,
    "lv10": 92,
    "lv30": 259,
    "lv50max": 2739,
  },
  {
    "id": "pet_026",
    "lv1": 92,
    "lv10": 158,
    "lv30": 516,
    "lv50max": 6619,
  },
  {
    "id": "pet_027",
    "lv1": 37,
    "lv10": 57,
    "lv30": 152,
    "lv50max": 1495,
  },
  {
    "id": "pet_028",
    "lv1": 53,
    "lv10": 83,
    "lv30": 220,
    "lv50max": 2169,
  },
  {
    "id": "pet_029",
    "lv1": 58,
    "lv10": 92,
    "lv30": 259,
    "lv50max": 2739,
  },
  {
    "id": "pet_030",
    "lv1": 64,
    "lv10": 100,
    "lv30": 266,
    "lv50max": 2617,
  },
]
`;

exports[`petHp / petRcv（三维模型） > 三维快照（全宠物 Lv1 三围一览） 1`] = `
[
  {
    "atk": 40,
    "hp": 210,
    "id": "pet_001",
    "rcv": 25,
    "role": "support",
    "skill": "pet_metal_def_break",
  },
  {
    "atk": 92,
    "hp": 323,
    "id": "pet_002",
    "rcv": 19,
    "role": "attacker",
    "skill": "pet_metal_multi_hit",
  },
  {
    "atk": 53,
    "hp": 185,
    "id": "pet_003",
    "rcv": 11,
    "role": "attacker",
    "skill": "pet_wood_multi_hit",
  },
  {
    "atk": 40,
    "hp": 228,
    "id": "pet_004",
    "rcv": 54,
    "role": "healer",
    "skill": "pet_wood_big_heal",
  },
  {
    "atk": 40,
    "hp": 210,
    "id": "pet_005",
    "rcv": 25,
    "role": "support",
    "skill": "pet_water_stun",
  },
  {
    "atk": 92,
    "hp": 323,
    "id": "pet_006",
    "rcv": 19,
    "role": "attacker",
    "skill": "pet_water_multi_hit",
  },
  {
    "atk": 53,
    "hp": 185,
    "id": "pet_007",
    "rcv": 11,
    "role": "attacker",
    "skill": "pet_fire_dot",
  },
  {
    "atk": 92,
    "hp": 323,
    "id": "pet_008",
    "rcv": 19,
    "role": "attacker",
    "skill": "pet_fire_dot_ur",
  },
  {
    "atk": 37,
    "hp": 290,
    "id": "pet_009",
    "rcv": 19,
    "role": "tank",
    "skill": "pet_earth_convert_row",
  },
  {
    "atk": 49,
    "hp": 275,
    "id": "pet_010",
    "rcv": 65,
    "role": "healer",
    "skill": "pet_earth_time",
  },
  {
    "atk": 76,
    "hp": 268,
    "id": "pet_011",
    "rcv": 15,
    "role": "attacker",
    "skill": "pet_golden_cleanse",
  },
  {
    "atk": 48,
    "hp": 252,
    "id": "pet_012",
    "rcv": 30,
    "role": "support",
    "skill": "pet_transmute_metal",
  },
  {
    "atk": 92,
    "hp": 323,
    "id": "pet_013",
    "rcv": 19,
    "role": "attacker",
    "skill": "pet_thunder_crit",
  },
  {
    "atk": 70,
    "hp": 367,
    "id": "pet_014",
    "rcv": 43,
    "role": "support",
    "skill": "pet_shadow_purify",
  },
  {
    "atk": 34,
    "hp": 190,
    "id": "pet_015",
    "rcv": 45,
    "role": "healer",
    "skill": "pet_wood_heal",
  },
  {
    "atk": 76,
    "hp": 268,
    "id": "pet_016",
    "rcv": 15,
    "role": "attacker",
    "skill": "pet_wood_volley",
  },
  {
    "atk": 63,
    "hp": 222,
    "id": "pet_017",
    "rcv": 13,
    "role": "attacker",
    "skill": "pet_star_cross",
  },
  {
    "atk": 59,
    "hp": 332,
    "id": "pet_018",
    "rcv": 78,
    "role": "healer",
    "skill": "pet_chaos_haste",
  },
  {
    "atk": 37,
    "hp": 290,
    "id": "pet_019",
    "rcv": 19,
    "role": "tank",
    "skill": "pet_water_shield",
  },
  {
    "atk": 58,
    "hp": 304,
    "id": "pet_020",
    "rcv": 36,
    "role": "support",
    "skill": "pet_abyss_delay",
  },
  {
    "atk": 48,
    "hp": 252,
    "id": "pet_021",
    "rcv": 30,
    "role": "support",
    "skill": "pet_frost_guard",
  },
  {
    "atk": 92,
    "hp": 323,
    "id": "pet_022",
    "rcv": 19,
    "role": "attacker",
    "skill": "pet_water_pierce",
  },
  {
    "atk": 92,
    "hp": 323,
    "id": "pet_023",
    "rcv": 19,
    "role": "attacker",
    "skill": "pet_void_resonance",
  },
  {
    "atk": 53,
    "hp": 185,
    "id": "pet_024",
    "rcv": 11,
    "role": "attacker",
    "skill": "pet_fire_burst",
  },
  {
    "atk": 58,
    "hp": 304,
    "id": "pet_025",
    "rcv": 36,
    "role": "support",
    "skill": "pet_fire_boost",
  },
  {
    "atk": 92,
    "hp": 323,
    "id": "pet_026",
    "rcv": 19,
    "role": "attacker",
    "skill": "pet_skyfall_gravity",
  },
  {
    "atk": 37,
    "hp": 290,
    "id": "pet_027",
    "rcv": 19,
    "role": "tank",
    "skill": "pet_earth_shield",
  },
  {
    "atk": 53,
    "hp": 420,
    "id": "pet_028",
    "rcv": 27,
    "role": "tank",
    "skill": "pet_abyss_bulwark",
  },
  {
    "atk": 58,
    "hp": 304,
    "id": "pet_029",
    "rcv": 36,
    "role": "support",
    "skill": "pet_earth_heart_convert",
  },
  {
    "atk": 64,
    "hp": 507,
    "id": "pet_030",
    "rcv": 33,
    "role": "tank",
    "skill": "pet_rift_shield",
  },
]
`;
